<tal:block tal:define="
        objects python:[disk for disk in here.getDmdRoot('Devices').getMonitoredComponents() if disk.factory_type_information[0].get('immediate_view', '') in ['viewFujitsuHardDisk', 'viewSynologyHardDisk', 'viewInventoryHardDisk']];
        tableName string: storagecntlrs;
        batch python:here.ZenTableManager.getBatch(tableName,objects);
        exportFields python:[('getParentDeviceName','Device'), 
                            ('bay','Bay'), 
                            ('name','Component'),
                            ('manufacturer', 'Manufacturer'),
                            ('model', 'Model'),
                            ('interface','Interface'), 
                            ('capacity','Capacity GB'),
                            ('serialNumber','Serial #'),
                            ('firmware','Firmware'),
                            ('date','Date of Purchase'),
                            ('description','Description')
                            ];">
<tal:block metal:use-macro="here/reportMacros/macros/exportableReport">
<tal:block metal:fill-slot="report">

<tal:block metal:use-macro="here/templates/macros/page1">
<tal:block metal:fill-slot="breadCrumbPane">
    <span metal:use-macro="here/miscmacros/macros/reportBreadCrumbsList"/>    
</tal:block>
<tal:block metal:fill-slot="contentPane">

<form method="POST" tal:attributes="action request/URL;"
                        tal:define="tabletitle string:Hard Disks;
                        showfilterbox python:True;
                        tblcolspan string:11">
<tal:block metal:use-macro="here/zenuimacros/macros/zentable">
<tal:block metal:fill-slot="zentablecontents">

    <tr>
        <th tal:replace="structure python:here.ZenTableManager.getTableHeader(
                            tableName,'hostname','Device')"/>
        <th tal:replace="structure python:here.ZenTableManager.getTableHeader(
                            tableName,'bay','Bay')"/>
        <th tal:replace="structure python:here.ZenTableManager.getTableHeader(
                            tableName,'name','Component')"/>
        <th tal:replace="structure python:here.ZenTableManager.getTableHeader(
                            tableName,'manufacturer','Manufacturer')"/>
        <th tal:replace="structure python:here.ZenTableManager.getTableHeader(
                            tableName,'model','Model')"/>
        <th tal:replace="structure python:here.ZenTableManager.getTableHeader(
                            tableName,'interface','Interface')"/>
        <th tal:replace="structure python:here.ZenTableManager.getTableHeader(
                            tableName,'capacity','Capacity GB')"/>
        <th tal:replace="structure python:here.ZenTableManager.getTableHeader(
                            tableName,'serialNumber','Serial #')"/>
        <th tal:replace="structure python:here.ZenTableManager.getTableHeader(
                            tableName,'firmware','Firmware')"/>
        <th tal:replace="structure python:here.ZenTableManager.getTableHeader(
                            tableName,'date','Date of Purchase')"/>
        <th tal:replace="structure python:here.ZenTableManager.getTableHeader(
                            tableName,'description','Description')"/>
    </tr>
    <tr tal:repeat="comp batch">
        <td class="tablevalues" 
          tal:content="structure comp/getDeviceLink"/>
        <td class="tablevalues" tal:content="comp/bay"/>
        <td class="tablevalues">
            <a class="tablevalues" tal:attributes="href comp/getPrimaryUrlPath"
                tal:content="comp/name">smtp</a>
        </td>
        <td class="tablevalues" tal:content="comp/manufacturer"/>
        <td class="tablevalues" tal:content="comp/model"/>
        <td class="tablevalues" tal:content="comp/interface"/>
        <td class="tablevalues" tal:content="comp/capacity"/>
        <td class="tablevalues" tal:content="comp/serialNumber"/>
        <td class="tablevalues" tal:content="comp/firmware"/>
        <td class="tablevalues" tal:content="comp/date"/>
        <td class="tablevalues" tal:content="comp/description"/>
    </tr>
    <tr>
        <td colspan="11" class="tableheader" align='center'>
        <form metal:use-macro="here/zenTableNavigation/macros/navtool"/>
        </td>
    </tr>

</tal:block>
</tal:block>
</form>

</tal:block>
</tal:block>

</tal:block>
</tal:block>
</tal:block>
