<tal:block tal:define="
        objects python:[supply for supply in here.getDmdRoot('Devices').getMonitoredComponents() if supply.factory_type_information[0].get('immediate_view', '') == 'viewDellPowerSupply'];
        tableName string: storagecntlrs;
        batch python:here.ZenTableManager.getBatch(tableName,objects);
        exportFields python:[('getParentDeviceName','Device'), 
                            ('id','Name'), 
                            ('type','Type'), 
                            ('watts', 'Watts'),
                            ('status', 'Status')];">
<tal:block metal:use-macro="here/reportMacros/macros/exportableReport">
<tal:block metal:fill-slot="report">

<tal:block metal:use-macro="here/templates/macros/page1">
<tal:block metal:fill-slot="breadCrumbPane">
    <span metal:use-macro="here/miscmacros/macros/reportBreadCrumbsList"/>    
</tal:block>
<tal:block metal:fill-slot="contentPane">

<form method="POST" tal:attributes="action request/URL;"
                        tal:define="tabletitle string:Power Supplies Dell;
                        showfilterbox python:True;
                        tblcolspan string:5">
<tal:block metal:use-macro="here/zenuimacros/macros/zentable">
<tal:block metal:fill-slot="zentablecontents">

    <tr>
        <th tal:replace="structure python:here.ZenTableManager.getTableHeader(
                            tableName,'hostname','Device')"/>
        <th tal:replace="structure python:here.ZenTableManager.getTableHeader(
                            tableName,'id','Name')"/>
        <th tal:replace="structure python:here.ZenTableManager.getTableHeader(
                            tableName,'type','Type')"/>
        <th tal:replace="structure python:here.ZenTableManager.getTableHeader(
                            tableName,'watts','Watts')"/>
        <th tal:replace="structure python:here.ZenTableManager.getTableHeader(
                            tableName,'status','Status')"/>
    </tr>
    <tr tal:repeat="comp batch">
        <td class="tablevalues" tal:content="structure comp/getDeviceLink"/>
        <td class="tablevalues" tal:content="comp/id"/>
        <td class="tablevalues" tal:content="comp/type"/>
        <td class="tablevalues" tal:content="comp/watts"/>
        <td class="tablevalues" tal:content="comp/status"/>
    </tr>
    <tr>
        <td colspan="5" class="tableheader" align='center'>
        <form metal:use-macro="here/zenTableNavigation/macros/navtool"/>
        </td>
    </tr>

</tal:block>
</tal:block>
</form>

</tal:block>
</tal:block>

</tal:block>
</tal:block>
</tal:block>
